02:38:58 **** Incremental Build of configuration Debug for project bootloader ****
make -j8 all 
arm-none-eabi-gcc "../Core/Src/main.c" -mcpu=cortex-m4 -std=gnu11 -g3 -DDEBUG -DUSE_HAL_DRIVER -DSTM32F411xE -c -I../Core/Inc -I../Drivers/STM32F4xx_HAL_Driver/Inc -I../Drivers/STM32F4xx_HAL_Driver/Inc/Legacy -I../Drivers/CMSIS/Device/ST/STM32F4xx/Include -I../Drivers/CMSIS/Include -I"C:/Users/HP/Documents/work_space/CMAC_boot/bootloader/STM32_Cryptographic/include/mac" -I"C:/Users/HP/Documents/work_space/CMAC_boot/bootloader/STM32_Cryptographic/legacy_v3/include/mac" -I"C:/Users/HP/Documents/work_space/CMAC_boot/bootloader/STM32_Cryptographic/legacy_v3/include" -I"C:/Users/HP/Documents/work_space/CMAC_boot/bootloader/STM32_Cryptographic/include" -O0 -ffunction-sections -fdata-sections -Wall -fstack-usage -MMD -MP -MF"Core/Src/main.d" -MT"Core/Src/main.o" --specs=nano.specs -mfpu=fpv4-sp-d16 -mfloat-abi=hard -mthumb -o "Core/Src/main.o"
arm-none-eabi-gcc -o "bootloader.elf" @"objects.list"  -lSTM32Cryptographic_CM4 -mcpu=cortex-m4 -T"C:\Users\HP\Documents\work_space\CMAC_boot\bootloader\STM32F411RETX_FLASH.ld" --specs=nosys.specs -Wl,-Map="bootloader.map" -Wl,--gc-sections -static -Wl,--start-group -lSTM32Cryptographic_CM4 -Wl,--end-group -L"C:\Users\HP\Documents\work_space\CMAC_boot\bootloader\STM32_Cryptographic\lib" --specs=nano.specs -mfpu=fpv4-sp-d16 -mfloat-abi=hard -mthumb -Wl,--start-group -lc -lm -Wl,--end-group
Finished building target: bootloader.elf
 
arm-none-eabi-objdump -h -S  bootloader.elf  > "bootloader.list"
arm-none-eabi-objcopy  -O binary  bootloader.elf  "bootloader.bin"
arm-none-eabi-size   bootloader.elf 
   text	   data	    bss	    dec	    hex	filename
  20484	    124	   2740	  23348	   5b34	bootloader.elf
Finished building: default.size.stdout
 
Finished building: bootloader.bin
 
Finished building: bootloader.list
 

02:38:59 Build Finished. 0 errors, 0 warnings. (took 992ms)

